74.208.59.0 - - [10/Feb/2022:00:07:36 -0500] "POST /wp-cron.php?doing_wp_cron=1644469656.9664049148559570312500 HTTP/1.1" 200 - www.webchallenge.ca "https://www.webchallenge.ca/wp-cron.php?doing_wp_cron=1644469656.9664049148559570312500" "WordPress/5.9; https://www.webchallenge.ca" "-"
54.36.148.0 - - [10/Feb/2022:00:07:36 -0500] "GET /contact/ HTTP/1.1" 200 75896 www.webchallenge.ca "-" "Mozilla/5.0 (compatible; AhrefsBot/7.0; +http://ahrefs.com/robot/)" "-"
157.90.182.0 - - [10/Feb/2022:01:29:41 -0500] "GET /robots.txt HTTP/1.1" 403 618 webchallenge.ca "-" "Mozilla/5.0 (compatible; BLEXBot/1.0; +http://webmeup-crawler.com/)" "-"
54.36.148.0 - - [10/Feb/2022:01:31:46 -0500] "GET /nos-services/ HTTP/1.1" 200 80857 www.webchallenge.ca "-" "Mozilla/5.0 (compatible; AhrefsBot/7.0; +http://ahrefs.com/robot/)" "-"
74.208.59.0 - - [10/Feb/2022:01:31:47 -0500] "POST /wp-cron.php?doing_wp_cron=1644474707.2610180377960205078125 HTTP/1.1" 200 - www.webchallenge.ca "https://www.webchallenge.ca/wp-cron.php?doing_wp_cron=1644474707.2610180377960205078125" "WordPress/5.9; https://www.webchallenge.ca" "-"
185.119.81.0 - - [10/Feb/2022:03:42:05 -0500] "GET / HTTP/1.1" 301 - webchallenge.ca "-" "Mozilla/5.0 (Windows NT 10.0; Win64; x64) AppleWebKit/537.36 (KHTML, like Gecko) Chrome/74.0.3729.169 Safari/537.36" "-"
74.208.59.0 - - [10/Feb/2022:03:42:05 -0500] "POST /wp-cron.php?doing_wp_cron=1644482525.8702371120452880859375 HTTP/1.1" 200 - www.webchallenge.ca "http://www.webchallenge.ca/wp-cron.php?doing_wp_cron=1644482525.8702371120452880859375" "WordPress/5.9; https://www.webchallenge.ca" "-"
74.208.59.0 - - [10/Feb/2022:03:42:06 -0500] "GET / HTTP/1.1" 200 121479 www.webchallenge.ca "https://www.webchallenge.ca/" "WordPress/5.9; https://www.webchallenge.ca" "-"
185.119.81.0 - - [10/Feb/2022:03:42:07 -0500] "GET / HTTP/1.1" 200 115514 www.webchallenge.ca "http://webchallenge.ca/" "Mozilla/5.0 (Windows NT 10.0; Win64; x64) AppleWebKit/537.36 (KHTML, like Gecko) Chrome/74.0.3729.169 Safari/537.36" "-"
185.119.81.0 - - [10/Feb/2022:03:42:14 -0500] "GET / HTTP/1.1" 200 115514 www.webchallenge.ca "-" "Mozilla/5.0 (Windows NT 10.0; Win64; x64) AppleWebKit/537.36 (KHTML, like Gecko) Chrome/74.0.3729.169 Safari/537.36" "-"
185.119.81.0 - - [10/Feb/2022:03:42:16 -0500] "GET /contact/ HTTP/1.1" 200 69931 www.webchallenge.ca "-" "Mozilla/5.0 (Windows NT 10.0; Win64; x64) AppleWebKit/537.36 (KHTML, like Gecko) Chrome/74.0.3729.169 Safari/537.36" "-"
185.119.81.0 - - [10/Feb/2022:03:42:18 -0500] "GET / HTTP/1.1" 200 115514 www.webchallenge.ca "-" "Mozilla/5.0 (Windows NT 10.0; Win64; x64) AppleWebKit/537.36 (KHTML, like Gecko) Chrome/74.0.3729.169 Safari/537.36" "-"
185.119.81.0 - - [10/Feb/2022:03:42:20 -0500] "GET /?d3v=x&author=1 HTTP/1.1" 301 - www.webchallenge.ca "-" "Mozilla/5.0 (Windows NT 10.0; Win64; x64) AppleWebKit/537.36 (KHTML, like Gecko) Chrome/74.0.3729.169 Safari/537.36" "-"
185.119.81.0 - - [10/Feb/2022:03:42:20 -0500] "GET /author/webmedia/?d3v=x HTTP/1.1" 200 50196 www.webchallenge.ca "https://www.webchallenge.ca/?d3v=x&author=1" "Mozilla/5.0 (Windows NT 10.0; Win64; x64) AppleWebKit/537.36 (KHTML, like Gecko) Chrome/74.0.3729.169 Safari/537.36" "-"
185.119.81.0 - - [10/Feb/2022:03:42:28 -0500] "GET /?d3v=x&author=2 HTTP/1.1" 200 49787 www.webchallenge.ca "-" "Mozilla/5.0 (Windows NT 10.0; Win64; x64) AppleWebKit/537.36 (KHTML, like Gecko) Chrome/74.0.3729.169 Safari/537.36" "-"
185.119.81.0 - - [10/Feb/2022:03:42:29 -0500] "GET /?d3v=x&author=3 HTTP/1.1" 404 47777 www.webchallenge.ca "-" "Mozilla/5.0 (Windows NT 10.0; Win64; x64) AppleWebKit/537.36 (KHTML, like Gecko) Chrome/74.0.3729.169 Safari/537.36" "-"
185.119.81.0 - - [10/Feb/2022:03:42:31 -0500] "GET /?d3v=x&author=4 HTTP/1.1" 404 47777 www.webchallenge.ca "-" "Mozilla/5.0 (Windows NT 10.0; Win64; x64) AppleWebKit/537.36 (KHTML, like Gecko) Chrome/74.0.3729.169 Safari/537.36" "-"
185.119.81.0 - - [10/Feb/2022:03:42:32 -0500] "GET /?d3v=x&author=5 HTTP/1.1" 404 47777 www.webchallenge.ca "-" "Mozilla/5.0 (Windows NT 10.0; Win64; x64) AppleWebKit/537.36 (KHTML, like Gecko) Chrome/74.0.3729.169 Safari/537.36" "-"
185.119.81.0 - - [10/Feb/2022:03:42:33 -0500] "GET /?d3v=x&author=6 HTTP/1.1" 404 47777 www.webchallenge.ca "-" "Mozilla/5.0 (Windows NT 10.0; Win64; x64) AppleWebKit/537.36 (KHTML, like Gecko) Chrome/74.0.3729.169 Safari/537.36" "-"
185.119.81.0 - - [10/Feb/2022:03:42:35 -0500] "GET /?d3v=x&author=7 HTTP/1.1" 404 47777 www.webchallenge.ca "-" "Mozilla/5.0 (Windows NT 10.0; Win64; x64) AppleWebKit/537.36 (KHTML, like Gecko) Chrome/74.0.3729.169 Safari/537.36" "-"
185.119.81.0 - - [10/Feb/2022:03:42:36 -0500] "GET /?d3v=x&author=8 HTTP/1.1" 404 47777 www.webchallenge.ca "-" "Mozilla/5.0 (Windows NT 10.0; Win64; x64) AppleWebKit/537.36 (KHTML, like Gecko) Chrome/74.0.3729.169 Safari/537.36" "-"
185.119.81.0 - - [10/Feb/2022:03:42:38 -0500] "GET /?d3v=x&author=9 HTTP/1.1" 404 47777 www.webchallenge.ca "-" "Mozilla/5.0 (Windows NT 10.0; Win64; x64) AppleWebKit/537.36 (KHTML, like Gecko) Chrome/74.0.3729.169 Safari/537.36" "-"
185.119.81.0 - - [10/Feb/2022:03:42:39 -0500] "GET /?d3v=x&author=10 HTTP/1.1" 404 47777 www.webchallenge.ca "-" "Mozilla/5.0 (Windows NT 10.0; Win64; x64) AppleWebKit/537.36 (KHTML, like Gecko) Chrome/74.0.3729.169 Safari/537.36" "-"
185.119.81.0 - - [10/Feb/2022:03:42:41 -0500] "GET /?d3v=x&author=11 HTTP/1.1" 404 47777 www.webchallenge.ca "-" "Mozilla/5.0 (Windows NT 10.0; Win64; x64) AppleWebKit/537.36 (KHTML, like Gecko) Chrome/74.0.3729.169 Safari/537.36" "-"
185.119.81.0 - - [10/Feb/2022:03:42:42 -0500] "GET /?d3v=x&author=12 HTTP/1.1" 404 47777 www.webchallenge.ca "-" "Mozilla/5.0 (Windows NT 10.0; Win64; x64) AppleWebKit/537.36 (KHTML, like Gecko) Chrome/74.0.3729.169 Safari/537.36" "-"
74.208.59.0 - - [10/Feb/2022:04:30:42 -0500] "POST /wp-cron.php?doing_wp_cron=1644485442.9288430213928222656250 HTTP/1.1" 200 - www.webchallenge.ca "https://www.webchallenge.ca/wp-cron.php?doing_wp_cron=1644485442.9288430213928222656250" "WordPress/5.9; https://www.webchallenge.ca" "-"
54.36.148.0 - - [10/Feb/2022:04:30:42 -0500] "GET /referencement-web/ HTTP/1.1" 200 83664 www.webchallenge.ca "-" "Mozilla/5.0 (compatible; AhrefsBot/7.0; +http://ahrefs.com/robot/)" "-"
157.90.182.0 - - [10/Feb/2022:04:56:01 -0500] "GET /robots.txt HTTP/1.1" 403 618 webchallenge.ca "-" "Mozilla/5.0 (compatible; BLEXBot/1.0; +http://webmeup-crawler.com/)" "-"
109.111.183.0 - - [10/Feb/2022:07:53:32 -0500] "GET / HTTP/1.1" 301 - webchallenge.ca "-" "-" "-"
74.208.59.0 - - [10/Feb/2022:07:53:40 -0500] "POST /wp-cron.php?doing_wp_cron=1644497620.3514590263366699218750 HTTP/1.1" 200 - www.webchallenge.ca "http://www.webchallenge.ca/wp-cron.php?doing_wp_cron=1644497620.3514590263366699218750" "WordPress/5.9; https://www.webchallenge.ca" "-"
109.111.183.0 - - [10/Feb/2022:07:53:43 -0500] "GET / HTTP/1.1" 200 121479 www.webchallenge.ca "-" "-" "-"
109.111.183.0 - - [10/Feb/2022:07:53:46 -0500] "GET /adminer.php HTTP/1.1" 404 47777 www.webchallenge.ca "-" "-" "-"
74.208.59.0 - - [10/Feb/2022:07:53:47 -0500] "POST /wp-cron.php?doing_wp_cron=1644497627.1330969333648681640625 HTTP/1.1" 200 - www.webchallenge.ca "https://www.webchallenge.ca/wp-cron.php?doing_wp_cron=1644497627.1330969333648681640625" "WordPress/5.9; https://www.webchallenge.ca" "-"
157.90.182.0 - - [10/Feb/2022:08:16:17 -0500] "GET /robots.txt HTTP/1.1" 403 618 webchallenge.ca "-" "Mozilla/5.0 (compatible; BLEXBot/1.0; +http://webmeup-crawler.com/)" "-"
74.208.59.0 - - [10/Feb/2022:08:35:39 -0500] "POST /wp-cron.php?doing_wp_cron=1644500139.7280600070953369140625 HTTP/1.1" 200 - www.webchallenge.ca "https://www.webchallenge.ca/wp-cron.php?doing_wp_cron=1644500139.7280600070953369140625" "WordPress/5.9; https://www.webchallenge.ca" "-"
54.36.148.0 - - [10/Feb/2022:08:35:39 -0500] "GET /tableau-comparatif/ HTTP/1.1" 200 135058 www.webchallenge.ca "-" "Mozilla/5.0 (compatible; AhrefsBot/7.0; +http://ahrefs.com/robot/)" "-"
74.12.161.0 - - [10/Feb/2022:09:58:19 -0500] "GET /index.php?module=dashboard/&action=keep_session HTTP/1.1" 500 645 gestpro.webchallenge.ca "http://gestpro.webchallenge.ca/index.php?module=users/login" "Mozilla/5.0 (Windows NT 10.0; Win64; x64) AppleWebKit/537.36 (KHTML, like Gecko) Chrome/97.0.4692.99 Safari/537.36 Edg/97.0.1072.76" "-"
74.12.161.0 - - [10/Feb/2022:10:04:25 -0500] "GET /index.php?module=dashboard/&action=keep_session HTTP/1.1" 500 645 gestpro.webchallenge.ca "http://gestpro.webchallenge.ca/index.php?module=users/login" "Mozilla/5.0 (Windows NT 10.0; Win64; x64) AppleWebKit/537.36 (KHTML, like Gecko) Chrome/97.0.4692.99 Safari/537.36 Edg/97.0.1072.76" "-"
74.12.161.0 - - [10/Feb/2022:10:14:25 -0500] "GET /index.php?module=dashboard/&action=keep_session HTTP/1.1" 500 645 gestpro.webchallenge.ca "http://gestpro.webchallenge.ca/index.php?module=users/login" "Mozilla/5.0 (Windows NT 10.0; Win64; x64) AppleWebKit/537.36 (KHTML, like Gecko) Chrome/97.0.4692.99 Safari/537.36 Edg/97.0.1072.76" "-"
74.12.161.0 - - [10/Feb/2022:10:24:25 -0500] "GET /index.php?module=dashboard/&action=keep_session HTTP/1.1" 500 645 gestpro.webchallenge.ca "http://gestpro.webchallenge.ca/index.php?module=users/login" "Mozilla/5.0 (Windows NT 10.0; Win64; x64) AppleWebKit/537.36 (KHTML, like Gecko) Chrome/97.0.4692.99 Safari/537.36 Edg/97.0.1072.76" "-"
74.12.161.0 - - [10/Feb/2022:10:34:25 -0500] "GET /index.php?module=dashboard/&action=keep_session HTTP/1.1" 500 645 gestpro.webchallenge.ca "http://gestpro.webchallenge.ca/index.php?module=users/login" "Mozilla/5.0 (Windows NT 10.0; Win64; x64) AppleWebKit/537.36 (KHTML, like Gecko) Chrome/97.0.4692.99 Safari/537.36 Edg/97.0.1072.76" "-"
74.12.161.0 - - [10/Feb/2022:10:44:25 -0500] "GET /index.php?module=dashboard/&action=keep_session HTTP/1.1" 500 645 gestpro.webchallenge.ca "http://gestpro.webchallenge.ca/index.php?module=users/login" "Mozilla/5.0 (Windows NT 10.0; Win64; x64) AppleWebKit/537.36 (KHTML, like Gecko) Chrome/97.0.4692.99 Safari/537.36 Edg/97.0.1072.76" "-"
74.12.161.0 - - [10/Feb/2022:10:54:25 -0500] "GET /index.php?module=dashboard/&action=keep_session HTTP/1.1" 500 645 gestpro.webchallenge.ca "http://gestpro.webchallenge.ca/index.php?module=users/login" "Mozilla/5.0 (Windows NT 10.0; Win64; x64) AppleWebKit/537.36 (KHTML, like Gecko) Chrome/97.0.4692.99 Safari/537.36 Edg/97.0.1072.76" "-"
74.12.161.0 - - [10/Feb/2022:11:04:26 -0500] "GET /index.php?module=dashboard/&action=keep_session HTTP/1.1" 500 645 gestpro.webchallenge.ca "http://gestpro.webchallenge.ca/index.php?module=users/login" "Mozilla/5.0 (Windows NT 10.0; Win64; x64) AppleWebKit/537.36 (KHTML, like Gecko) Chrome/97.0.4692.99 Safari/537.36 Edg/97.0.1072.76" "-"
74.12.161.0 - - [10/Feb/2022:11:14:26 -0500] "GET /index.php?module=dashboard/&action=keep_session HTTP/1.1" 500 645 gestpro.webchallenge.ca "http://gestpro.webchallenge.ca/index.php?module=users/login" "Mozilla/5.0 (Windows NT 10.0; Win64; x64) AppleWebKit/537.36 (KHTML, like Gecko) Chrome/97.0.4692.99 Safari/537.36 Edg/97.0.1072.76" "-"
74.12.161.0 - - [10/Feb/2022:11:24:25 -0500] "GET /index.php?module=dashboard/&action=keep_session HTTP/1.1" 500 645 gestpro.webchallenge.ca "http://gestpro.webchallenge.ca/index.php?module=users/login" "Mozilla/5.0 (Windows NT 10.0; Win64; x64) AppleWebKit/537.36 (KHTML, like Gecko) Chrome/97.0.4692.99 Safari/537.36 Edg/97.0.1072.76" "-"
74.12.161.0 - - [10/Feb/2022:11:34:25 -0500] "GET /index.php?module=dashboard/&action=keep_session HTTP/1.1" 500 645 gestpro.webchallenge.ca "http://gestpro.webchallenge.ca/index.php?module=users/login" "Mozilla/5.0 (Windows NT 10.0; Win64; x64) AppleWebKit/537.36 (KHTML, like Gecko) Chrome/97.0.4692.99 Safari/537.36 Edg/97.0.1072.76" "-"
74.12.161.0 - - [10/Feb/2022:11:44:25 -0500] "GET /index.php?module=dashboard/&action=keep_session HTTP/1.1" 500 645 gestpro.webchallenge.ca "http://gestpro.webchallenge.ca/index.php?module=users/login" "Mozilla/5.0 (Windows NT 10.0; Win64; x64) AppleWebKit/537.36 (KHTML, like Gecko) Chrome/97.0.4692.99 Safari/537.36 Edg/97.0.1072.76" "-"
74.12.161.0 - - [10/Feb/2022:11:54:26 -0500] "GET /index.php?module=dashboard/&action=keep_session HTTP/1.1" 500 645 gestpro.webchallenge.ca "http://gestpro.webchallenge.ca/index.php?module=users/login" "Mozilla/5.0 (Windows NT 10.0; Win64; x64) AppleWebKit/537.36 (KHTML, like Gecko) Chrome/97.0.4692.99 Safari/537.36 Edg/97.0.1072.76" "-"
74.12.161.0 - - [10/Feb/2022:12:04:25 -0500] "GET /index.php?module=dashboard/&action=keep_session HTTP/1.1" 500 645 gestpro.webchallenge.ca "http://gestpro.webchallenge.ca/index.php?module=users/login" "Mozilla/5.0 (Windows NT 10.0; Win64; x64) AppleWebKit/537.36 (KHTML, like Gecko) Chrome/97.0.4692.99 Safari/537.36 Edg/97.0.1072.76" "-"
74.12.161.0 - - [10/Feb/2022:12:14:25 -0500] "GET /index.php?module=dashboard/&action=keep_session HTTP/1.1" 500 645 gestpro.webchallenge.ca "http://gestpro.webchallenge.ca/index.php?module=users/login" "Mozilla/5.0 (Windows NT 10.0; Win64; x64) AppleWebKit/537.36 (KHTML, like Gecko) Chrome/97.0.4692.99 Safari/537.36 Edg/97.0.1072.76" "-"
74.12.161.0 - - [10/Feb/2022:12:24:26 -0500] "GET /index.php?module=dashboard/&action=keep_session HTTP/1.1" 500 645 gestpro.webchallenge.ca "http://gestpro.webchallenge.ca/index.php?module=users/login" "Mozilla/5.0 (Windows NT 10.0; Win64; x64) AppleWebKit/537.36 (KHTML, like Gecko) Chrome/97.0.4692.99 Safari/537.36 Edg/97.0.1072.76" "-"
2607:f1c0:800:: - - [10/Feb/2022:12:33:44 -0500] "GET /wp-login.php HTTP/1.1" 503 299 webchallenge.ca "-" "Mozilla/5.0 (X11; Ubuntu; Linux x86_64; rv:62.0) Gecko/20100101 Firefox/62.0" "-"
40.77.167.0 - - [10/Feb/2022:12:33:48 -0500] "GET /robots.txt HTTP/1.1" 200 106 www.webchallenge.ca "-" "Mozilla/5.0 (compatible; bingbot/2.0; +http://www.bing.com/bingbot.htm)" "-"
74.208.59.0 - - [10/Feb/2022:12:33:59 -0500] "POST /wp-cron.php?doing_wp_cron=1644514439.7303230762481689453125 HTTP/1.1" 200 - www.webchallenge.ca "https://www.webchallenge.ca/wp-cron.php?doing_wp_cron=1644514439.7303230762481689453125" "WordPress/5.9; https://www.webchallenge.ca" "-"
207.46.13.0 - - [10/Feb/2022:12:34:06 -0500] "GET /sitemap_index.xml HTTP/1.1" 200 665 www.webchallenge.ca "-" "Mozilla/5.0 (compatible; bingbot/2.0; +http://www.bing.com/bingbot.htm)" "-"
74.12.161.0 - - [10/Feb/2022:12:34:26 -0500] "GET /index.php?module=dashboard/&action=keep_session HTTP/1.1" 500 645 gestpro.webchallenge.ca "http://gestpro.webchallenge.ca/index.php?module=users/login" "Mozilla/5.0 (Windows NT 10.0; Win64; x64) AppleWebKit/537.36 (KHTML, like Gecko) Chrome/97.0.4692.99 Safari/537.36 Edg/97.0.1072.76" "-"
74.12.161.0 - - [10/Feb/2022:12:44:25 -0500] "GET /index.php?module=dashboard/&action=keep_session HTTP/1.1" 500 645 gestpro.webchallenge.ca "http://gestpro.webchallenge.ca/index.php?module=users/login" "Mozilla/5.0 (Windows NT 10.0; Win64; x64) AppleWebKit/537.36 (KHTML, like Gecko) Chrome/97.0.4692.99 Safari/537.36 Edg/97.0.1072.76" "-"
51.222.253.0 - - [10/Feb/2022:12:44:44 -0500] "GET /robots.txt HTTP/1.1" 200 106 www.webchallenge.ca "-" "Mozilla/5.0 (compatible; AhrefsBot/7.0; +http://ahrefs.com/robot/)" "-"
74.208.59.0 - - [10/Feb/2022:12:44:45 -0500] "POST /wp-cron.php?doing_wp_cron=1644515085.3222329616546630859375 HTTP/1.1" 200 - www.webchallenge.ca "https://www.webchallenge.ca/wp-cron.php?doing_wp_cron=1644515085.3222329616546630859375" "WordPress/5.9; https://www.webchallenge.ca" "-"
51.222.253.0 - - [10/Feb/2022:12:44:46 -0500] "GET /processus-de-production/ HTTP/1.1" 200 89116 www.webchallenge.ca "-" "Mozilla/5.0 (compatible; AhrefsBot/7.0; +http://ahrefs.com/robot/)" "-"
157.90.182.0 - - [10/Feb/2022:12:49:29 -0500] "GET /robots.txt HTTP/1.1" 403 618 webchallenge.ca "-" "Mozilla/5.0 (compatible; BLEXBot/1.0; +http://webmeup-crawler.com/)" "-"
74.12.161.0 - - [10/Feb/2022:12:54:25 -0500] "GET /index.php?module=dashboard/&action=keep_session HTTP/1.1" 500 645 gestpro.webchallenge.ca "http://gestpro.webchallenge.ca/index.php?module=users/login" "Mozilla/5.0 (Windows NT 10.0; Win64; x64) AppleWebKit/537.36 (KHTML, like Gecko) Chrome/97.0.4692.99 Safari/537.36 Edg/97.0.1072.76" "-"
74.12.161.0 - - [10/Feb/2022:13:04:25 -0500] "GET /index.php?module=dashboard/&action=keep_session HTTP/1.1" 500 645 gestpro.webchallenge.ca "http://gestpro.webchallenge.ca/index.php?module=users/login" "Mozilla/5.0 (Windows NT 10.0; Win64; x64) AppleWebKit/537.36 (KHTML, like Gecko) Chrome/97.0.4692.99 Safari/537.36 Edg/97.0.1072.76" "-"
217.160.152.0 - - [10/Feb/2022:13:08:58 -0500] "GET / HTTP/1.1" 200 62 gestpro.webchallenge.ca "-" "Mozilla/5.0 (Macintosh; Intel Mac OS X 10_9_3) AppleWebKit/537.75.14 (KHTML, like Gecko) Version/7.0.3 Safari/7046A194A" "-"
217.160.152.0 - - [10/Feb/2022:13:08:59 -0500] "GET / HTTP/1.1" 200 62 gestpro.webchallenge.ca "-" "Mozilla/5.0 (Macintosh; Intel Mac OS X 10_9_3) AppleWebKit/537.75.14 (KHTML, like Gecko) Version/7.0.3 Safari/7046A194A" "-"
217.160.152.0 - - [10/Feb/2022:13:08:59 -0500] "GET / HTTP/1.1" 200 62 gestpro.webchallenge.ca "-" "Mozilla/5.0 (iPhone; CPU iPhone OS 5_0 like Mac OS X) AppleWebKit/534.46 (KHTML, like Gecko) Version/5.1 Mobile/9A334 Safari/7534.48.3" "-"
217.160.152.0 - - [10/Feb/2022:13:08:59 -0500] "GET / HTTP/1.1" 200 62 gestpro.webchallenge.ca "-" "Mozilla/5.0 (Macintosh; Intel Mac OS X 10_9_3) AppleWebKit/537.75.14 (KHTML, like Gecko) Version/7.0.3 Safari/7046A194A" "-"
212.227.221.0 - - [10/Feb/2022:13:09:08 -0500] "GET / HTTP/1.1" 200 24 extranet.webchallenge.ca "-" "Mozilla/5.0 (Macintosh; Intel Mac OS X 10_9_3) AppleWebKit/537.75.14 (KHTML, like Gecko) Version/7.0.3 Safari/7046A194A" "-"
212.227.221.0 - - [10/Feb/2022:13:09:08 -0500] "GET / HTTP/1.1" 200 24 extranet.webchallenge.ca "-" "Mozilla/5.0 (Macintosh; Intel Mac OS X 10_9_3) AppleWebKit/537.75.14 (KHTML, like Gecko) Version/7.0.3 Safari/7046A194A" "-"
74.12.161.0 - - [10/Feb/2022:13:09:10 -0500] "GET / HTTP/1.1" 200 121479 www.webchallenge.ca "https://my.ionos.com/" "Mozilla/5.0 (Windows NT 10.0; Win64; x64) AppleWebKit/537.36 (KHTML, like Gecko) Chrome/97.0.4692.99 Safari/537.36" "-"
74.208.59.0 - - [10/Feb/2022:13:09:11 -0500] "POST /wp-cron.php?doing_wp_cron=1644516551.1859810352325439453125 HTTP/1.1" 200 - www.webchallenge.ca "https://www.webchallenge.ca/wp-cron.php?doing_wp_cron=1644516551.1859810352325439453125" "WordPress/5.9; https://www.webchallenge.ca" "-"
74.12.161.0 - - [10/Feb/2022:13:09:12 -0500] "GET /wp-includes/css/dist/block-library/style.min.css?ver=5.9 HTTP/1.1" 304 - www.webchallenge.ca "https://www.webchallenge.ca/" "Mozilla/5.0 (Windows NT 10.0; Win64; x64) AppleWebKit/537.36 (KHTML, like Gecko) Chrome/97.0.4692.99 Safari/537.36" "-"
74.12.161.0 - - [10/Feb/2022:13:09:12 -0500] "GET /wp-content/plugins/wpforms/assets/css/wpforms-base.min.css?ver=1.7.2 HTTP/1.1" 304 - www.webchallenge.ca "https://www.webchallenge.ca/" "Mozilla/5.0 (Windows NT 10.0; Win64; x64) AppleWebKit/537.36 (KHTML, like Gecko) Chrome/97.0.4692.99 Safari/537.36" "-"
74.12.161.0 - - [10/Feb/2022:13:09:12 -0500] "GET /wp-includes/js/underscore.min.js?ver=1.13.1 HTTP/1.1" 304 - www.webchallenge.ca "https://www.webchallenge.ca/" "Mozilla/5.0 (Windows NT 10.0; Win64; x64) AppleWebKit/537.36 (KHTML, like Gecko) Chrome/97.0.4692.99 Safari/537.36" "-"
74.12.161.0 - - [10/Feb/2022:13:09:12 -0500] "GET /wp-includes/js/dist/i18n.min.js?ver=30fcecb428a0e8383d3776bcdd3a7834 HTTP/1.1" 304 - www.webchallenge.ca "https://www.webchallenge.ca/" "Mozilla/5.0 (Windows NT 10.0; Win64; x64) AppleWebKit/537.36 (KHTML, like Gecko) Chrome/97.0.4692.99 Safari/537.36" "-"
74.12.161.0 - - [10/Feb/2022:13:09:12 -0500] "GET /wp-includes/js/dist/hooks.min.js?ver=1e58c8c5a32b2e97491080c5b10dc71c HTTP/1.1" 304 - www.webchallenge.ca "https://www.webchallenge.ca/" "Mozilla/5.0 (Windows NT 10.0; Win64; x64) AppleWebKit/537.36 (KHTML, like Gecko) Chrome/97.0.4692.99 Safari/537.36" "-"
74.12.161.0 - - [10/Feb/2022:13:09:12 -0500] "GET /wp-includes/js/dist/vendor/regenerator-runtime.min.js?ver=0.13.9 HTTP/1.1" 304 - www.webchallenge.ca "https://www.webchallenge.ca/" "Mozilla/5.0 (Windows NT 10.0; Win64; x64) AppleWebKit/537.36 (KHTML, like Gecko) Chrome/97.0.4692.99 Safari/537.36" "-"
74.12.161.0 - - [10/Feb/2022:13:09:12 -0500] "GET /wp-includes/js/dist/vendor/wp-polyfill.min.js?ver=3.15.0 HTTP/1.1" 304 - www.webchallenge.ca "https://www.webchallenge.ca/" "Mozilla/5.0 (Windows NT 10.0; Win64; x64) AppleWebKit/537.36 (KHTML, like Gecko) Chrome/97.0.4692.99 Safari/537.36" "-"
74.12.161.0 - - [10/Feb/2022:13:10:32 -0500] "GET / HTTP/1.1" 200 121479 www.webchallenge.ca "https://my.ionos.com/" "Mozilla/5.0 (Windows NT 10.0; Win64; x64) AppleWebKit/537.36 (KHTML, like Gecko) Chrome/97.0.4692.99 Safari/537.36" "-"
74.208.59.0 - - [10/Feb/2022:13:10:33 -0500] "POST /wp-cron.php?doing_wp_cron=1644516633.0708899497985839843750 HTTP/1.1" 200 - www.webchallenge.ca "https://www.webchallenge.ca/wp-cron.php?doing_wp_cron=1644516633.0708899497985839843750" "WordPress/5.9; https://www.webchallenge.ca" "-"
74.12.161.0 - - [10/Feb/2022:13:10:47 -0500] "GET /login HTTP/1.1" 404 626 extranet.webchallenge.ca "-" "Mozilla/5.0 (Windows NT 10.0; Win64; x64) AppleWebKit/537.36 (KHTML, like Gecko) Chrome/97.0.4692.99 Safari/537.36" "-"
74.12.161.0 - - [10/Feb/2022:13:10:48 -0500] "GET /favicon.ico HTTP/1.1" 404 626 extranet.webchallenge.ca "https://extranet.webchallenge.ca/login" "Mozilla/5.0 (Windows NT 10.0; Win64; x64) AppleWebKit/537.36 (KHTML, like Gecko) Chrome/97.0.4692.99 Safari/537.36" "-"
74.12.161.0 - - [10/Feb/2022:13:10:57 -0500] "GET /public/ HTTP/1.1" 500 6615 extranet.webchallenge.ca "-" "Mozilla/5.0 (Windows NT 10.0; Win64; x64) AppleWebKit/537.36 (KHTML, like Gecko) Chrome/97.0.4692.99 Safari/537.36" "-"
74.12.161.0 - - [10/Feb/2022:13:11:01 -0500] "GET /public/ HTTP/1.1" 500 6615 extranet.webchallenge.ca "-" "Mozilla/5.0 (Windows NT 10.0; Win64; x64) AppleWebKit/537.36 (KHTML, like Gecko) Chrome/97.0.4692.99 Safari/537.36" "-"
74.12.161.0 - - [10/Feb/2022:13:14:25 -0500] "GET /index.php?module=dashboard/&action=keep_session HTTP/1.1" 500 645 gestpro.webchallenge.ca "http://gestpro.webchallenge.ca/index.php?module=users/login" "Mozilla/5.0 (Windows NT 10.0; Win64; x64) AppleWebKit/537.36 (KHTML, like Gecko) Chrome/97.0.4692.99 Safari/537.36 Edg/97.0.1072.76" "-"
74.12.161.0 - - [10/Feb/2022:13:24:25 -0500] "GET /index.php?module=dashboard/&action=keep_session HTTP/1.1" 500 645 gestpro.webchallenge.ca "http://gestpro.webchallenge.ca/index.php?module=users/login" "Mozilla/5.0 (Windows NT 10.0; Win64; x64) AppleWebKit/537.36 (KHTML, like Gecko) Chrome/97.0.4692.99 Safari/537.36 Edg/97.0.1072.76" "-"
74.12.161.0 - - [10/Feb/2022:13:34:26 -0500] "GET /index.php?module=dashboard/&action=keep_session HTTP/1.1" 500 645 gestpro.webchallenge.ca "http://gestpro.webchallenge.ca/index.php?module=users/login" "Mozilla/5.0 (Windows NT 10.0; Win64; x64) AppleWebKit/537.36 (KHTML, like Gecko) Chrome/97.0.4692.99 Safari/537.36 Edg/97.0.1072.76" "-"
74.12.161.0 - - [10/Feb/2022:13:40:04 -0500] "GET / HTTP/1.1" 200 121479 www.webchallenge.ca "-" "Mozilla/5.0 (Windows NT 10.0; Win64; x64) AppleWebKit/537.36 (KHTML, like Gecko) Chrome/97.0.4692.99 Safari/537.36" "-"
74.208.59.0 - - [10/Feb/2022:13:40:05 -0500] "POST /wp-cron.php?doing_wp_cron=1644518405.1995739936828613281250 HTTP/1.1" 200 - www.webchallenge.ca "https://www.webchallenge.ca/wp-cron.php?doing_wp_cron=1644518405.1995739936828613281250" "WordPress/5.9; https://www.webchallenge.ca" "-"
74.12.161.0 - - [10/Feb/2022:13:40:25 -0500] "GET /public/ HTTP/1.1" 500 6615 extranet.webchallenge.ca "-" "Mozilla/5.0 (Windows NT 10.0; Win64; x64) AppleWebKit/537.36 (KHTML, like Gecko) Chrome/97.0.4692.99 Safari/537.36" "-"
74.12.161.0 - - [10/Feb/2022:13:40:25 -0500] "GET /favicon.ico HTTP/1.1" 404 626 extranet.webchallenge.ca "https://extranet.webchallenge.ca/public/" "Mozilla/5.0 (Windows NT 10.0; Win64; x64) AppleWebKit/537.36 (KHTML, like Gecko) Chrome/97.0.4692.99 Safari/537.36" "-"
74.12.161.0 - - [10/Feb/2022:13:40:29 -0500] "GET / HTTP/1.1" 200 115514 www.webchallenge.ca "-" "Mozilla/5.0 (Windows NT 10.0; Win64; x64) AppleWebKit/537.36 (KHTML, like Gecko) Chrome/97.0.4692.99 Safari/537.36" "-"
74.12.161.0 - - [10/Feb/2022:13:42:01 -0500] "GET /public/ HTTP/1.1" 500 6615 extranet.webchallenge.ca "-" "Mozilla/5.0 (Windows NT 10.0; Win64; x64) AppleWebKit/537.36 (KHTML, like Gecko) Chrome/97.0.4692.99 Safari/537.36" "-"
74.12.161.0 - - [10/Feb/2022:13:42:32 -0500] "GET /public/ HTTP/1.1" 500 6615 extranet.webchallenge.ca "-" "Mozilla/5.0 (Windows NT 10.0; Win64; x64) AppleWebKit/537.36 (KHTML, like Gecko) Chrome/97.0.4692.99 Safari/537.36" "-"
74.12.161.0 - - [10/Feb/2022:13:42:33 -0500] "GET /public/ HTTP/1.1" 500 6615 extranet.webchallenge.ca "-" "Mozilla/5.0 (Windows NT 10.0; Win64; x64) AppleWebKit/537.36 (KHTML, like Gecko) Chrome/97.0.4692.99 Safari/537.36" "-"
74.12.161.0 - - [10/Feb/2022:13:42:35 -0500] "GET /public/ HTTP/1.1" 500 6615 extranet.webchallenge.ca "-" "Mozilla/5.0 (Windows NT 10.0; Win64; x64) AppleWebKit/537.36 (KHTML, like Gecko) Chrome/97.0.4692.99 Safari/537.36" "-"
74.12.161.0 - - [10/Feb/2022:13:42:47 -0500] "GET / HTTP/1.1" 404 626 extranet.webchallenge.ca "-" "Mozilla/5.0 (Windows NT 10.0; Win64; x64) AppleWebKit/537.36 (KHTML, like Gecko) Chrome/97.0.4692.99 Safari/537.36" "-"
74.12.161.0 - - [10/Feb/2022:13:42:53 -0500] "GET /public HTTP/1.1" 301 248 extranet.webchallenge.ca "-" "Mozilla/5.0 (Windows NT 10.0; Win64; x64) AppleWebKit/537.36 (KHTML, like Gecko) Chrome/97.0.4692.99 Safari/537.36" "-"
74.12.161.0 - - [10/Feb/2022:13:42:53 -0500] "GET /public/ HTTP/1.1" 500 6615 extranet.webchallenge.ca "-" "Mozilla/5.0 (Windows NT 10.0; Win64; x64) AppleWebKit/537.36 (KHTML, like Gecko) Chrome/97.0.4692.99 Safari/537.36" "-"
74.12.161.0 - - [10/Feb/2022:13:42:59 -0500] "GET /public/ HTTP/1.1" 500 6615 extranet.webchallenge.ca "-" "Mozilla/5.0 (Windows NT 10.0; Win64; x64) AppleWebKit/537.36 (KHTML, like Gecko) Chrome/97.0.4692.99 Safari/537.36" "-"
74.12.161.0 - - [10/Feb/2022:13:44:05 -0500] "GET /public/test.html HTTP/1.1" 200 31 extranet.webchallenge.ca "-" "Mozilla/5.0 (Windows NT 10.0; Win64; x64) AppleWebKit/537.36 (KHTML, like Gecko) Chrome/97.0.4692.99 Safari/537.36" "-"
74.12.161.0 - - [10/Feb/2022:13:44:11 -0500] "GET /public/login HTTP/1.1" 404 626 extranet.webchallenge.ca "-" "Mozilla/5.0 (Windows NT 10.0; Win64; x64) AppleWebKit/537.36 (KHTML, like Gecko) Chrome/97.0.4692.99 Safari/537.36" "-"
74.12.161.0 - - [10/Feb/2022:13:44:17 -0500] "GET /public/index.php HTTP/1.1" 500 6615 extranet.webchallenge.ca "-" "Mozilla/5.0 (Windows NT 10.0; Win64; x64) AppleWebKit/537.36 (KHTML, like Gecko) Chrome/97.0.4692.99 Safari/537.36" "-"
74.12.161.0 - - [10/Feb/2022:13:44:26 -0500] "GET /index.php?module=dashboard/&action=keep_session HTTP/1.1" 500 645 gestpro.webchallenge.ca "http://gestpro.webchallenge.ca/index.php?module=users/login" "Mozilla/5.0 (Windows NT 10.0; Win64; x64) AppleWebKit/537.36 (KHTML, like Gecko) Chrome/97.0.4692.99 Safari/537.36 Edg/97.0.1072.76" "-"
74.12.161.0 - - [10/Feb/2022:13:46:21 -0500] "GET /public/index.php HTTP/1.1" 200 314 extranet.webchallenge.ca "-" "Mozilla/5.0 (Windows NT 10.0; Win64; x64) AppleWebKit/537.36 (KHTML, like Gecko) Chrome/97.0.4692.99 Safari/537.36" "-"
74.12.161.0 - - [10/Feb/2022:13:47:01 -0500] "GET /public/index.php HTTP/1.1" 200 300 extranet.webchallenge.ca "-" "Mozilla/5.0 (Windows NT 10.0; Win64; x64) AppleWebKit/537.36 (KHTML, like Gecko) Chrome/97.0.4692.99 Safari/537.36" "-"
74.12.161.0 - - [10/Feb/2022:13:47:32 -0500] "GET /public/ HTTP/1.1" 500 6615 extranet.webchallenge.ca "-" "Mozilla/5.0 (Windows NT 10.0; Win64; x64) AppleWebKit/537.36 (KHTML, like Gecko) Chrome/97.0.4692.99 Safari/537.36" "-"
74.12.161.0 - - [10/Feb/2022:13:47:33 -0500] "GET /public/ HTTP/1.1" 500 6615 extranet.webchallenge.ca "-" "Mozilla/5.0 (Windows NT 10.0; Win64; x64) AppleWebKit/537.36 (KHTML, like Gecko) Chrome/97.0.4692.99 Safari/537.36" "-"
74.12.161.0 - - [10/Feb/2022:13:47:38 -0500] "GET /public/index.php HTTP/1.1" 500 6615 extranet.webchallenge.ca "-" "Mozilla/5.0 (Windows NT 10.0; Win64; x64) AppleWebKit/537.36 (KHTML, like Gecko) Chrome/97.0.4692.99 Safari/537.36" "-"
74.12.161.0 - - [10/Feb/2022:13:50:01 -0500] "GET /public/ HTTP/1.1" 500 6615 extranet.webchallenge.ca "-" "Mozilla/5.0 (Windows NT 10.0; Win64; x64) AppleWebKit/537.36 (KHTML, like Gecko) Chrome/97.0.4692.99 Safari/537.36" "-"
74.12.161.0 - - [10/Feb/2022:13:50:01 -0500] "GET /public/ HTTP/1.1" 500 6615 extranet.webchallenge.ca "-" "Mozilla/5.0 (Windows NT 10.0; Win64; x64) AppleWebKit/537.36 (KHTML, like Gecko) Chrome/97.0.4692.99 Safari/537.36" "-"
74.12.161.0 - - [10/Feb/2022:13:50:16 -0500] "GET /public/ HTTP/1.1" 500 6615 extranet.webchallenge.ca "-" "Mozilla/5.0 (Windows NT 10.0; Win64; x64) AppleWebKit/537.36 (KHTML, like Gecko) Chrome/97.0.4692.99 Safari/537.36" "-"
74.12.161.0 - - [10/Feb/2022:13:50:17 -0500] "GET /public/ HTTP/1.1" 500 6615 extranet.webchallenge.ca "-" "Mozilla/5.0 (Windows NT 10.0; Win64; x64) AppleWebKit/537.36 (KHTML, like Gecko) Chrome/97.0.4692.99 Safari/537.36" "-"
74.12.161.0 - - [10/Feb/2022:13:50:18 -0500] "GET /public/ HTTP/1.1" 500 6615 extranet.webchallenge.ca "-" "Mozilla/5.0 (Windows NT 10.0; Win64; x64) AppleWebKit/537.36 (KHTML, like Gecko) Chrome/97.0.4692.99 Safari/537.36" "-"
74.12.161.0 - - [10/Feb/2022:13:54:26 -0500] "GET /index.php?module=dashboard/&action=keep_session HTTP/1.1" 500 645 gestpro.webchallenge.ca "http://gestpro.webchallenge.ca/index.php?module=users/login" "Mozilla/5.0 (Windows NT 10.0; Win64; x64) AppleWebKit/537.36 (KHTML, like Gecko) Chrome/97.0.4692.99 Safari/537.36 Edg/97.0.1072.76" "-"
207.46.13.0 - - [10/Feb/2022:14:02:54 -0500] "GET /sitemap.xml HTTP/1.1" 301 - www.webchallenge.ca "-" "Mozilla/5.0 (compatible; bingbot/2.0; +http://www.bing.com/bingbot.htm)" "-"
74.208.59.0 - - [10/Feb/2022:14:02:55 -0500] "POST /wp-cron.php?doing_wp_cron=1644519774.9813749790191650390625 HTTP/1.1" 200 - www.webchallenge.ca "https://www.webchallenge.ca/wp-cron.php?doing_wp_cron=1644519774.9813749790191650390625" "WordPress/5.9; https://www.webchallenge.ca" "-"
207.46.13.0 - - [10/Feb/2022:14:03:04 -0500] "GET /sitemap_index.xml HTTP/1.1" 200 665 www.webchallenge.ca "-" "Mozilla/5.0 (compatible; bingbot/2.0; +http://www.bing.com/bingbot.htm)" "-"
74.12.161.0 - - [10/Feb/2022:14:04:26 -0500] "GET /index.php?module=dashboard/&action=keep_session HTTP/1.1" 500 645 gestpro.webchallenge.ca "http://gestpro.webchallenge.ca/index.php?module=users/login" "Mozilla/5.0 (Windows NT 10.0; Win64; x64) AppleWebKit/537.36 (KHTML, like Gecko) Chrome/97.0.4692.99 Safari/537.36 Edg/97.0.1072.76" "-"
74.12.161.0 - - [10/Feb/2022:14:14:26 -0500] "GET /index.php?module=dashboard/&action=keep_session HTTP/1.1" 500 645 gestpro.webchallenge.ca "http://gestpro.webchallenge.ca/index.php?module=users/login" "Mozilla/5.0 (Windows NT 10.0; Win64; x64) AppleWebKit/537.36 (KHTML, like Gecko) Chrome/97.0.4692.99 Safari/537.36 Edg/97.0.1072.76" "-"
74.12.161.0 - - [10/Feb/2022:14:24:26 -0500] "GET /index.php?module=dashboard/&action=keep_session HTTP/1.1" 500 645 gestpro.webchallenge.ca "http://gestpro.webchallenge.ca/index.php?module=users/login" "Mozilla/5.0 (Windows NT 10.0; Win64; x64) AppleWebKit/537.36 (KHTML, like Gecko) Chrome/97.0.4692.99 Safari/537.36 Edg/97.0.1072.76" "-"
74.12.161.0 - - [10/Feb/2022:14:34:26 -0500] "GET /index.php?module=dashboard/&action=keep_session HTTP/1.1" 500 645 gestpro.webchallenge.ca "http://gestpro.webchallenge.ca/index.php?module=users/login" "Mozilla/5.0 (Windows NT 10.0; Win64; x64) AppleWebKit/537.36 (KHTML, like Gecko) Chrome/97.0.4692.99 Safari/537.36 Edg/97.0.1072.76" "-"
74.12.161.0 - - [10/Feb/2022:14:44:26 -0500] "GET /index.php?module=dashboard/&action=keep_session HTTP/1.1" 500 645 gestpro.webchallenge.ca "http://gestpro.webchallenge.ca/index.php?module=users/login" "Mozilla/5.0 (Windows NT 10.0; Win64; x64) AppleWebKit/537.36 (KHTML, like Gecko) Chrome/97.0.4692.99 Safari/537.36 Edg/97.0.1072.76" "-"
74.12.161.0 - - [10/Feb/2022:14:54:26 -0500] "GET /index.php?module=dashboard/&action=keep_session HTTP/1.1" 500 645 gestpro.webchallenge.ca "http://gestpro.webchallenge.ca/index.php?module=users/login" "Mozilla/5.0 (Windows NT 10.0; Win64; x64) AppleWebKit/537.36 (KHTML, like Gecko) Chrome/97.0.4692.99 Safari/537.36 Edg/97.0.1072.76" "-"
74.12.161.0 - - [10/Feb/2022:14:59:52 -0500] "GET /public/ HTTP/1.1" 500 6615 extranet.webchallenge.ca "-" "Mozilla/5.0 (Windows NT 10.0; Win64; x64) AppleWebKit/537.36 (KHTML, like Gecko) Chrome/97.0.4692.99 Safari/537.36" "-"
74.12.161.0 - - [10/Feb/2022:14:59:58 -0500] "GET /public/ HTTP/1.1" 500 6615 extranet.webchallenge.ca "-" "Mozilla/5.0 (Windows NT 10.0; Win64; x64) AppleWebKit/537.36 (KHTML, like Gecko) Chrome/97.0.4692.99 Safari/537.36" "-"
74.12.161.0 - - [10/Feb/2022:14:59:58 -0500] "GET /public/ HTTP/1.1" 500 6615 extranet.webchallenge.ca "-" "Mozilla/5.0 (Windows NT 10.0; Win64; x64) AppleWebKit/537.36 (KHTML, like Gecko) Chrome/97.0.4692.99 Safari/537.36" "-"
74.12.161.0 - - [10/Feb/2022:15:04:26 -0500] "GET /index.php?module=dashboard/&action=keep_session HTTP/1.1" 500 645 gestpro.webchallenge.ca "http://gestpro.webchallenge.ca/index.php?module=users/login" "Mozilla/5.0 (Windows NT 10.0; Win64; x64) AppleWebKit/537.36 (KHTML, like Gecko) Chrome/97.0.4692.99 Safari/537.36 Edg/97.0.1072.76" "-"
74.12.161.0 - - [10/Feb/2022:15:14:26 -0500] "GET /index.php?module=dashboard/&action=keep_session HTTP/1.1" 500 645 gestpro.webchallenge.ca "http://gestpro.webchallenge.ca/index.php?module=users/login" "Mozilla/5.0 (Windows NT 10.0; Win64; x64) AppleWebKit/537.36 (KHTML, like Gecko) Chrome/97.0.4692.99 Safari/537.36 Edg/97.0.1072.76" "-"
74.12.161.0 - - [10/Feb/2022:15:24:26 -0500] "GET /index.php?module=dashboard/&action=keep_session HTTP/1.1" 500 645 gestpro.webchallenge.ca "http://gestpro.webchallenge.ca/index.php?module=users/login" "Mozilla/5.0 (Windows NT 10.0; Win64; x64) AppleWebKit/537.36 (KHTML, like Gecko) Chrome/97.0.4692.99 Safari/537.36 Edg/97.0.1072.76" "-"
207.46.13.0 - - [10/Feb/2022:15:34:03 -0500] "GET /flv_portfolio-sitemap.xml HTTP/1.1" 200 692 www.webchallenge.ca "-" "Mozilla/5.0 (compatible; bingbot/2.0; +http://www.bing.com/bingbot.htm)" "-"
74.208.59.0 - - [10/Feb/2022:15:34:04 -0500] "GET / HTTP/1.1" 200 121479 www.webchallenge.ca "https://www.webchallenge.ca/" "WordPress/5.9; https://www.webchallenge.ca" "-"
74.208.59.0 - - [10/Feb/2022:15:34:04 -0500] "POST /wp-cron.php?doing_wp_cron=1644525244.1916189193725585937500 HTTP/1.1" 200 - www.webchallenge.ca "https://www.webchallenge.ca/wp-cron.php?doing_wp_cron=1644525244.1916189193725585937500" "WordPress/5.9; https://www.webchallenge.ca" "-"
74.12.161.0 - - [10/Feb/2022:15:34:26 -0500] "GET /index.php?module=dashboard/&action=keep_session HTTP/1.1" 500 645 gestpro.webchallenge.ca "http://gestpro.webchallenge.ca/index.php?module=users/login" "Mozilla/5.0 (Windows NT 10.0; Win64; x64) AppleWebKit/537.36 (KHTML, like Gecko) Chrome/97.0.4692.99 Safari/537.36 Edg/97.0.1072.76" "-"
74.12.161.0 - - [10/Feb/2022:15:44:26 -0500] "GET /index.php?module=dashboard/&action=keep_session HTTP/1.1" 500 645 gestpro.webchallenge.ca "http://gestpro.webchallenge.ca/index.php?module=users/login" "Mozilla/5.0 (Windows NT 10.0; Win64; x64) AppleWebKit/537.36 (KHTML, like Gecko) Chrome/97.0.4692.99 Safari/537.36 Edg/97.0.1072.76" "-"
74.12.161.0 - - [10/Feb/2022:15:54:22 -0500] "GET /public/ HTTP/1.1" 500 6615 extranet.webchallenge.ca "-" "Mozilla/5.0 (Windows NT 10.0; Win64; x64) AppleWebKit/537.36 (KHTML, like Gecko) Chrome/97.0.4692.99 Safari/537.36" "-"
74.12.161.0 - - [10/Feb/2022:15:54:24 -0500] "GET /public/ HTTP/1.1" 500 6615 extranet.webchallenge.ca "-" "Mozilla/5.0 (Windows NT 10.0; Win64; x64) AppleWebKit/537.36 (KHTML, like Gecko) Chrome/97.0.4692.99 Safari/537.36" "-"
74.12.161.0 - - [10/Feb/2022:15:54:26 -0500] "GET /public/ HTTP/1.1" 500 6615 extranet.webchallenge.ca "-" "Mozilla/5.0 (Windows NT 10.0; Win64; x64) AppleWebKit/537.36 (KHTML, like Gecko) Chrome/97.0.4692.99 Safari/537.36" "-"
74.12.161.0 - - [10/Feb/2022:15:54:26 -0500] "GET /index.php?module=dashboard/&action=keep_session HTTP/1.1" 500 645 gestpro.webchallenge.ca "http://gestpro.webchallenge.ca/index.php?module=users/login" "Mozilla/5.0 (Windows NT 10.0; Win64; x64) AppleWebKit/537.36 (KHTML, like Gecko) Chrome/97.0.4692.99 Safari/537.36 Edg/97.0.1072.76" "-"
74.12.161.0 - - [10/Feb/2022:15:59:14 -0500] "GET /public/ HTTP/1.1" 500 6615 extranet.webchallenge.ca "-" "Mozilla/5.0 (Windows NT 10.0; Win64; x64) AppleWebKit/537.36 (KHTML, like Gecko) Chrome/97.0.4692.99 Safari/537.36" "-"
74.12.161.0 - - [10/Feb/2022:15:59:15 -0500] "GET /public/ HTTP/1.1" 500 6615 extranet.webchallenge.ca "-" "Mozilla/5.0 (Windows NT 10.0; Win64; x64) AppleWebKit/537.36 (KHTML, like Gecko) Chrome/97.0.4692.99 Safari/537.36" "-"
74.12.161.0 - - [10/Feb/2022:15:59:18 -0500] "GET / HTTP/1.1" 200 121479 www.webchallenge.ca "-" "Mozilla/5.0 (Windows NT 10.0; Win64; x64) AppleWebKit/537.36 (KHTML, like Gecko) Chrome/97.0.4692.99 Safari/537.36" "-"
74.208.59.0 - - [10/Feb/2022:15:59:19 -0500] "POST /wp-cron.php?doing_wp_cron=1644526759.4071540832519531250000 HTTP/1.1" 200 - www.webchallenge.ca "https://www.webchallenge.ca/wp-cron.php?doing_wp_cron=1644526759.4071540832519531250000" "WordPress/5.9; https://www.webchallenge.ca" "-"
74.12.161.0 - - [10/Feb/2022:15:59:27 -0500] "GET /public HTTP/1.1" 404 47777 www.webchallenge.ca "-" "Mozilla/5.0 (Windows NT 10.0; Win64; x64) AppleWebKit/537.36 (KHTML, like Gecko) Chrome/97.0.4692.99 Safari/537.36" "-"
74.12.161.0 - - [10/Feb/2022:15:59:28 -0500] "GET /wp-content/uploads/2021/08/Oops-404-Error-with-a-broken-robot-cuate-1024x1024.png HTTP/1.1" 200 168486 www.webchallenge.ca "https://www.webchallenge.ca/public" "Mozilla/5.0 (Windows NT 10.0; Win64; x64) AppleWebKit/537.36 (KHTML, like Gecko) Chrome/97.0.4692.99 Safari/537.36" "-"
74.12.161.0 - - [10/Feb/2022:15:59:33 -0500] "GET /public/ HTTP/1.1" 500 6615 extranet.webchallenge.ca "-" "Mozilla/5.0 (Windows NT 10.0; Win64; x64) AppleWebKit/537.36 (KHTML, like Gecko) Chrome/97.0.4692.99 Safari/537.36" "-"
74.12.161.0 - - [10/Feb/2022:15:59:37 -0500] "GET /public/ HTTP/1.1" 500 6615 extranet.webchallenge.ca "-" "Mozilla/5.0 (Windows NT 10.0; Win64; x64) AppleWebKit/537.36 (KHTML, like Gecko) Chrome/97.0.4692.99 Safari/537.36" "-"
74.12.161.0 - - [10/Feb/2022:15:59:38 -0500] "GET /favicon.ico HTTP/1.1" 404 626 extranet.webchallenge.ca "https://extranet.webchallenge.ca/public/" "Mozilla/5.0 (Windows NT 10.0; Win64; x64) AppleWebKit/537.36 (KHTML, like Gecko) Chrome/97.0.4692.99 Safari/537.36" "-"
74.12.161.0 - - [10/Feb/2022:15:59:38 -0500] "GET /public/ HTTP/1.1" 500 6615 extranet.webchallenge.ca "-" "Mozilla/5.0 (Windows NT 10.0; Win64; x64) AppleWebKit/537.36 (KHTML, like Gecko) Chrome/97.0.4692.99 Safari/537.36" "-"
74.12.161.0 - - [10/Feb/2022:15:59:38 -0500] "GET /favicon.ico HTTP/1.1" 404 626 extranet.webchallenge.ca "https://extranet.webchallenge.ca/public/" "Mozilla/5.0 (Windows NT 10.0; Win64; x64) AppleWebKit/537.36 (KHTML, like Gecko) Chrome/97.0.4692.99 Safari/537.36" "-"
74.12.161.0 - - [10/Feb/2022:15:59:48 -0500] "GET /public/ HTTP/1.1" 500 6615 extranet.webchallenge.ca "-" "Mozilla/5.0 (Windows NT 10.0; Win64; x64) AppleWebKit/537.36 (KHTML, like Gecko) Chrome/97.0.4692.99 Safari/537.36" "-"
74.12.161.0 - - [10/Feb/2022:16:04:26 -0500] "GET /index.php?module=dashboard/&action=keep_session HTTP/1.1" 500 645 gestpro.webchallenge.ca "http://gestpro.webchallenge.ca/index.php?module=users/login" "Mozilla/5.0 (Windows NT 10.0; Win64; x64) AppleWebKit/537.36 (KHTML, like Gecko) Chrome/97.0.4692.99 Safari/537.36 Edg/97.0.1072.76" "-"
74.12.161.0 - - [10/Feb/2022:16:07:32 -0500] "GET /public/ HTTP/1.1" 500 6615 extranet.webchallenge.ca "-" "Mozilla/5.0 (Windows NT 10.0; Win64; x64) AppleWebKit/537.36 (KHTML, like Gecko) Chrome/97.0.4692.99 Safari/537.36" "-"
74.12.161.0 - - [10/Feb/2022:16:07:33 -0500] "GET /public/ HTTP/1.1" 500 6615 extranet.webchallenge.ca "-" "Mozilla/5.0 (Windows NT 10.0; Win64; x64) AppleWebKit/537.36 (KHTML, like Gecko) Chrome/97.0.4692.99 Safari/537.36" "-"
74.12.161.0 - - [10/Feb/2022:16:07:35 -0500] "GET /public/ HTTP/1.1" 500 6615 extranet.webchallenge.ca "-" "Mozilla/5.0 (Windows NT 10.0; Win64; x64) AppleWebKit/537.36 (KHTML, like Gecko) Chrome/97.0.4692.99 Safari/537.36" "-"
74.12.161.0 - - [10/Feb/2022:16:07:35 -0500] "GET /public/ HTTP/1.1" 500 6615 extranet.webchallenge.ca "-" "Mozilla/5.0 (Windows NT 10.0; Win64; x64) AppleWebKit/537.36 (KHTML, like Gecko) Chrome/97.0.4692.99 Safari/537.36" "-"
74.12.161.0 - - [10/Feb/2022:16:07:36 -0500] "GET /public/ HTTP/1.1" 500 6615 extranet.webchallenge.ca "-" "Mozilla/5.0 (Windows NT 10.0; Win64; x64) AppleWebKit/537.36 (KHTML, like Gecko) Chrome/97.0.4692.99 Safari/537.36" "-"
74.12.161.0 - - [10/Feb/2022:16:07:36 -0500] "GET /public/ HTTP/1.1" 500 6615 extranet.webchallenge.ca "-" "Mozilla/5.0 (Windows NT 10.0; Win64; x64) AppleWebKit/537.36 (KHTML, like Gecko) Chrome/97.0.4692.99 Safari/537.36" "-"
74.12.161.0 - - [10/Feb/2022:16:07:36 -0500] "GET /public/ HTTP/1.1" 500 6615 extranet.webchallenge.ca "-" "Mozilla/5.0 (Windows NT 10.0; Win64; x64) AppleWebKit/537.36 (KHTML, like Gecko) Chrome/97.0.4692.99 Safari/537.36" "-"
74.12.161.0 - - [10/Feb/2022:16:07:36 -0500] "GET /public/ HTTP/1.1" 500 6615 extranet.webchallenge.ca "-" "Mozilla/5.0 (Windows NT 10.0; Win64; x64) AppleWebKit/537.36 (KHTML, like Gecko) Chrome/97.0.4692.99 Safari/537.36" "-"
74.12.161.0 - - [10/Feb/2022:16:07:37 -0500] "GET /public/ HTTP/1.1" 500 6615 extranet.webchallenge.ca "-" "Mozilla/5.0 (Windows NT 10.0; Win64; x64) AppleWebKit/537.36 (KHTML, like Gecko) Chrome/97.0.4692.99 Safari/537.36" "-"
74.12.161.0 - - [10/Feb/2022:16:07:37 -0500] "GET /public/ HTTP/1.1" 500 6615 extranet.webchallenge.ca "-" "Mozilla/5.0 (Windows NT 10.0; Win64; x64) AppleWebKit/537.36 (KHTML, like Gecko) Chrome/97.0.4692.99 Safari/537.36" "-"
74.12.161.0 - - [10/Feb/2022:16:07:50 -0500] "GET /public/ HTTP/1.1" 500 6615 extranet.webchallenge.ca "-" "Mozilla/5.0 (Windows NT 10.0; Win64; x64) AppleWebKit/537.36 (KHTML, like Gecko) Chrome/97.0.4692.99 Safari/537.36" "-"
74.12.161.0 - - [10/Feb/2022:16:07:51 -0500] "GET /public/ HTTP/1.1" 500 6615 extranet.webchallenge.ca "-" "Mozilla/5.0 (Windows NT 10.0; Win64; x64) AppleWebKit/537.36 (KHTML, like Gecko) Chrome/97.0.4692.99 Safari/537.36" "-"
74.12.161.0 - - [10/Feb/2022:16:07:52 -0500] "GET /public/ HTTP/1.1" 500 6615 extranet.webchallenge.ca "-" "Mozilla/5.0 (Windows NT 10.0; Win64; x64) AppleWebKit/537.36 (KHTML, like Gecko) Chrome/97.0.4692.99 Safari/537.36" "-"
74.12.161.0 - - [10/Feb/2022:16:07:52 -0500] "GET /public/ HTTP/1.1" 500 6615 extranet.webchallenge.ca "-" "Mozilla/5.0 (Windows NT 10.0; Win64; x64) AppleWebKit/537.36 (KHTML, like Gecko) Chrome/97.0.4692.99 Safari/537.36" "-"
74.12.161.0 - - [10/Feb/2022:16:08:02 -0500] "GET /public/ HTTP/1.1" 500 6615 extranet.webchallenge.ca "-" "Mozilla/5.0 (Windows NT 10.0; Win64; x64) AppleWebKit/537.36 (KHTML, like Gecko) Chrome/97.0.4692.99 Safari/537.36" "-"
74.12.161.0 - - [10/Feb/2022:16:08:03 -0500] "GET /public/ HTTP/1.1" 500 6615 extranet.webchallenge.ca "-" "Mozilla/5.0 (Windows NT 10.0; Win64; x64) AppleWebKit/537.36 (KHTML, like Gecko) Chrome/97.0.4692.99 Safari/537.36" "-"
74.12.161.0 - - [10/Feb/2022:16:08:03 -0500] "GET /public/ HTTP/1.1" 500 6615 extranet.webchallenge.ca "-" "Mozilla/5.0 (Windows NT 10.0; Win64; x64) AppleWebKit/537.36 (KHTML, like Gecko) Chrome/97.0.4692.99 Safari/537.36" "-"
74.12.161.0 - - [10/Feb/2022:16:08:03 -0500] "GET /public/ HTTP/1.1" 500 6615 extranet.webchallenge.ca "-" "Mozilla/5.0 (Windows NT 10.0; Win64; x64) AppleWebKit/537.36 (KHTML, like Gecko) Chrome/97.0.4692.99 Safari/537.36" "-"
74.12.161.0 - - [10/Feb/2022:16:08:03 -0500] "GET /public/ HTTP/1.1" 500 6615 extranet.webchallenge.ca "-" "Mozilla/5.0 (Windows NT 10.0; Win64; x64) AppleWebKit/537.36 (KHTML, like Gecko) Chrome/97.0.4692.99 Safari/537.36" "-"
66.249.75.0 - - [10/Feb/2022:16:08:08 -0500] "GET /robots.txt HTTP/1.1" 200 106 www.webchallenge.ca "-" "Mozilla/5.0 (compatible; Googlebot/2.1; +http://www.google.com/bot.html)" "-"
74.208.59.0 - - [10/Feb/2022:16:08:09 -0500] "POST /wp-cron.php?doing_wp_cron=1644527289.1747460365295410156250 HTTP/1.1" 200 - www.webchallenge.ca "https://www.webchallenge.ca/wp-cron.php?doing_wp_cron=1644527289.1747460365295410156250" "WordPress/5.9; https://www.webchallenge.ca" "-"
66.249.75.0 - - [10/Feb/2022:16:08:09 -0500] "GET /site-e-commerce/ HTTP/1.1" 200 83894 www.webchallenge.ca "-" "Mozilla/5.0 (Linux; Android 6.0.1; Nexus 5X Build/MMB29P) AppleWebKit/537.36 (KHTML, like Gecko) Chrome/98.0.4758.80 Mobile Safari/537.36 (compatible; Googlebot/2.1; +http://www.google.com/bot.html)" "-"
66.249.75.0 - - [10/Feb/2022:16:08:13 -0500] "GET /wp-content/plugins/download-manager/assets/bootstrap/js/bootstrap.min.js?ver=5.9 HTTP/1.1" 200 59969 www.webchallenge.ca "https://www.webchallenge.ca/site-e-commerce/" "Mozilla/5.0 (Linux; Android 6.0.1; Nexus 5X Build/MMB29P) AppleWebKit/537.36 (KHTML, like Gecko) Chrome/97.0.4692.71 Mobile Safari/537.36 (compatible; Googlebot/2.1; +http://www.google.com/bot.html)" "-"
66.249.75.0 - - [10/Feb/2022:16:08:13 -0500] "GET /wp-content/plugins/revslider/public/assets/css/rs6.css?ver=6.5.6 HTTP/1.1" 200 57682 www.webchallenge.ca "https://www.webchallenge.ca/site-e-commerce/" "Mozilla/5.0 (Linux; Android 6.0.1; Nexus 5X Build/MMB29P) AppleWebKit/537.36 (KHTML, like Gecko) Chrome/97.0.4692.71 Mobile Safari/537.36 (compatible; Googlebot/2.1; +http://www.google.com/bot.html)" "-"
66.249.75.0 - - [10/Feb/2022:16:08:13 -0500] "GET /wp-includes/js/thickbox/thickbox.js?ver=3.1-20121105 HTTP/1.1" 200 13194 www.webchallenge.ca "https://www.webchallenge.ca/site-e-commerce/" "Mozilla/5.0 (Linux; Android 6.0.1; Nexus 5X Build/MMB29P) AppleWebKit/537.36 (KHTML, like Gecko) Chrome/97.0.4692.71 Mobile Safari/537.36 (compatible; Googlebot/2.1; +http://www.google.com/bot.html)" "-"
66.249.75.0 - - [10/Feb/2022:16:08:14 -0500] "GET /wp-content/plugins/wpforms/assets/js/wpforms.min.js?ver=1.7.2 HTTP/1.1" 200 30758 www.webchallenge.ca "https://www.webchallenge.ca/site-e-commerce/" "Mozilla/5.0 (Linux; Android 6.0.1; Nexus 5X Build/MMB29P) AppleWebKit/537.36 (KHTML, like Gecko) Chrome/97.0.4692.71 Mobile Safari/537.36 (compatible; Googlebot/2.1; +http://www.google.com/bot.html)" "-"
66.249.75.0 - - [10/Feb/2022:16:08:14 -0500] "GET /wp-content/plugins/revslider/public/assets/js/rs6.min.js?ver=6.5.6 HTTP/1.1" 200 377599 www.webchallenge.ca "https://www.webchallenge.ca/site-e-commerce/" "Mozilla/5.0 (Linux; Android 6.0.1; Nexus 5X Build/MMB29P) AppleWebKit/537.36 (KHTML, like Gecko) Chrome/97.0.4692.71 Mobile Safari/537.36 (compatible; Googlebot/2.1; +http://www.google.com/bot.html)" "-"
74.12.161.0 - - [10/Feb/2022:16:10:40 -0500] "GET /public/ HTTP/1.1" 500 6615 extranet.webchallenge.ca "-" "Mozilla/5.0 (Windows NT 10.0; Win64; x64) AppleWebKit/537.36 (KHTML, like Gecko) Chrome/97.0.4692.99 Safari/537.36" "-"
74.12.161.0 - - [10/Feb/2022:16:10:41 -0500] "GET /public/ HTTP/1.1" 500 6615 extranet.webchallenge.ca "-" "Mozilla/5.0 (Windows NT 10.0; Win64; x64) AppleWebKit/537.36 (KHTML, like Gecko) Chrome/97.0.4692.99 Safari/537.36" "-"
74.12.161.0 - - [10/Feb/2022:16:10:44 -0500] "GET /public/ HTTP/1.1" 500 6615 extranet.webchallenge.ca "-" "Mozilla/5.0 (Windows NT 10.0; Win64; x64) AppleWebKit/537.36 (KHTML, like Gecko) Chrome/97.0.4692.99 Safari/537.36" "-"
74.12.161.0 - - [10/Feb/2022:16:10:44 -0500] "GET /public/ HTTP/1.1" 500 6615 extranet.webchallenge.ca "-" "Mozilla/5.0 (Windows NT 10.0; Win64; x64) AppleWebKit/537.36 (KHTML, like Gecko) Chrome/97.0.4692.99 Safari/537.36" "-"
74.12.161.0 - - [10/Feb/2022:16:10:47 -0500] "GET / HTTP/1.1" 404 626 extranet.webchallenge.ca "-" "Mozilla/5.0 (Windows NT 10.0; Win64; x64) AppleWebKit/537.36 (KHTML, like Gecko) Chrome/97.0.4692.99 Safari/537.36" "-"
74.12.161.0 - - [10/Feb/2022:16:10:55 -0500] "GET / HTTP/1.1" 404 626 extranet.webchallenge.ca "-" "Mozilla/5.0 (Windows NT 10.0; Win64; x64) AppleWebKit/537.36 (KHTML, like Gecko) Chrome/97.0.4692.99 Safari/537.36" "-"
74.12.161.0 - - [10/Feb/2022:16:10:58 -0500] "GET / HTTP/1.1" 404 626 extranet.webchallenge.ca "-" "Mozilla/5.0 (Windows NT 10.0; Win64; x64) AppleWebKit/537.36 (KHTML, like Gecko) Chrome/97.0.4692.99 Safari/537.36" "-"
74.208.59.0 - - [10/Feb/2022:16:11:25 -0500] "POST /wp-cron.php?doing_wp_cron=1644527485.4775619506835937500000 HTTP/1.1" 200 - www.webchallenge.ca "https://www.webchallenge.ca/wp-cron.php?doing_wp_cron=1644527485.4775619506835937500000" "WordPress/5.9; https://www.webchallenge.ca" "-"
74.12.161.0 - - [10/Feb/2022:16:11:25 -0500] "GET / HTTP/1.1" 200 121479 www.webchallenge.ca "-" "Mozilla/5.0 (Windows NT 10.0; Win64; x64) AppleWebKit/537.36 (KHTML, like Gecko) Chrome/97.0.4692.99 Safari/537.36" "-"
74.12.161.0 - - [10/Feb/2022:16:11:36 -0500] "GET / HTTP/1.1" 404 626 extranet.webchallenge.ca "-" "Mozilla/5.0 (Windows NT 10.0; Win64; x64) AppleWebKit/537.36 (KHTML, like Gecko) Chrome/97.0.4692.99 Safari/537.36" "-"
74.12.161.0 - - [10/Feb/2022:16:11:44 -0500] "GET /public/index.php HTTP/1.1" 500 6615 extranet.webchallenge.ca "-" "Mozilla/5.0 (Windows NT 10.0; Win64; x64) AppleWebKit/537.36 (KHTML, like Gecko) Chrome/97.0.4692.99 Safari/537.36" "-"
74.12.161.0 - - [10/Feb/2022:16:12:29 -0500] "GET /public/index.php HTTP/1.1" 500 6615 extranet.webchallenge.ca "-" "Mozilla/5.0 (Windows NT 10.0; Win64; x64) AppleWebKit/537.36 (KHTML, like Gecko) Chrome/97.0.4692.99 Safari/537.36" "-"
74.12.161.0 - - [10/Feb/2022:16:12:30 -0500] "GET /public/index.php HTTP/1.1" 500 6615 extranet.webchallenge.ca "-" "Mozilla/5.0 (Windows NT 10.0; Win64; x64) AppleWebKit/537.36 (KHTML, like Gecko) Chrome/97.0.4692.99 Safari/537.36" "-"
